
There are no discarded input sections

Memory Configuration

Name             Origin             Length             Attributes
IROM             0x42000000         0x00200000         xr
DROM             0x3c000000         0x00080000         xr
DRAM             0x3fc80000         0x00064000         xrw
*default*        0x00000000         0xffffffff

Linker script and memory map

LOAD build/startup.o
LOAD build/main.o
LOAD /home/nacko/.espressif/tools/riscv32-esp-elf/esp-15.1.0_20250607/riscv32-esp-elf/bin/../lib/gcc/riscv32-esp-elf/15.1.0/libgcc.a
                0x3fce4000                        PROVIDE (_stack_top = (ORIGIN (DRAM) + LENGTH (DRAM)))
                [!provide]                        PROVIDE (__stack = _stack_top)

.text           0x42000000      0x1d0
                0x42000000                        _stext = .
 *(.init)
 .init          0x42000000       0x5e build/startup.o
                0x42000000                _start
 *(.init.*)
 *(.text.startup*)
 .text.startup  0x4200005e      0x172 build/main.o
                0x4200005e                main
 *(.text*)
 .text          0x420001d0        0x0 build/startup.o
 .text          0x420001d0        0x0 build/main.o
                0x420001d0                        . = ALIGN (0x4)
 *fill*         0x420001d0        0x0 
                0x420001d0                        _etext = .

.rodata         0x3c000000       0x18 load address 0x420001d0
                0x3c000000                        . = ALIGN (0x4)
                0x3c000000                        _srodata = .
 *(.rodata)
 .rodata        0x3c000000       0x18 build/main.o
 *(.rodata.*)
 *(.srodata)
 *(.srodata.*)
                0x3c000018                        . = ALIGN (0x4)
                0x3c000018                        _erodata = .

.rela.dyn       0x3c000018        0x0 load address 0x420001e8
 .rela.init     0x3c000018        0x0 build/startup.o

.data           0x3fc80000        0x0 load address 0x420001e8
                0x3fc80000                        . = ALIGN (0x4)
                0x3fc80000                        _sdata = .
 *(.data)
 .data          0x3fc80000        0x0 build/startup.o
 .data          0x3fc80000        0x0 build/main.o
 *(.data.*)
 *(.sdata)
 *(.sdata.*)
 *(.sdata2)
 *(.sdata2.*)
                0x3fc80000                        . = ALIGN (0x4)
                0x3fc80000                        _edata = .
                0x420001e8                        PROVIDE (_sidata = LOADADDR (.data))
                [!provide]                        PROVIDE (__global_pointer$ = (_sdata + 0x800))

.bss            0x3fc80000        0x0 load address 0x420001e8
                0x3fc80000                        . = ALIGN (0x8)
                0x3fc80000                        _sbss = .
 *(.bss)
 .bss           0x3fc80000        0x0 build/startup.o
 .bss           0x3fc80000        0x0 build/main.o
 *(.bss.*)
 *(.sbss)
 *(.sbss.*)
 *(COMMON)
                0x3fc80000                        . = ALIGN (0x8)
                0x3fc80000                        _ebss = .
                0x3fc80000                        _sheap = _ebss
                0x3fce2000                        _eheap = (_stack_top - 0x2000)
                [!provide]                        PROVIDE (__bss_start = _sbss)
                [!provide]                        PROVIDE (__bss_end = _ebss)
                [!provide]                        PROVIDE (__data_start = _sdata)
                [!provide]                        PROVIDE (__data_end = _edata)
                [!provide]                        PROVIDE (__data_load = _sidata)
                0x00000001                        ASSERT ((SIZEOF (.text) <= LENGTH (IROM)), IROM overflow: ajusta .text o memoria)
                0x00000001                        ASSERT (((SIZEOF (.data) + SIZEOF (.bss)) <= LENGTH (DRAM)), DRAM overflow: reduce .data/.bss)
OUTPUT(build/app.elf elf32-littleriscv)

.riscv.attributes
                0x00000000       0x36
 .riscv.attributes
                0x00000000       0x34 build/startup.o
 .riscv.attributes
                0x00000034       0x36 build/main.o

.comment        0x00000000       0x2f
 .comment       0x00000000       0x2f build/main.o
                                 0x30 (size before relaxing)

.note.GNU-stack
                0x00000000        0x0
 .note.GNU-stack
                0x00000000        0x0 build/main.o
